Archive member included because of file (symbol)

f:/imt/embedded avr diploma/avr-ide/imt_sdk_win_64/winavr/bin/../lib/gcc/avr/4.3.3/avr5\libgcc.a(_udivmodqi4.o)
                              ./HAL/SEG_Handler/SSD_program.o (__udivmodqi4)
f:/imt/embedded avr diploma/avr-ide/imt_sdk_win_64/winavr/bin/../lib/gcc/avr/4.3.3/avr5\libgcc.a(_udivmodhi4.o)
                              ./MCAL/Timer_V2/Timer_prg.o (__udivmodhi4)
f:/imt/embedded avr diploma/avr-ide/imt_sdk_win_64/winavr/bin/../lib/gcc/avr/4.3.3/avr5\libgcc.a(_udivmodsi4.o)
                              ./HAL/LCD_Handler/LCD_Prg.o (__udivmodsi4)
f:/imt/embedded avr diploma/avr-ide/imt_sdk_win_64/winavr/bin/../lib/gcc/avr/4.3.3/avr5\libgcc.a(_exit.o)
                              f:/imt/embedded avr diploma/avr-ide/imt_sdk_win_64/winavr/bin/../lib/gcc/avr/4.3.3/../../../../avr/lib/avr5/crtm32.o (exit)
f:/imt/embedded avr diploma/avr-ide/imt_sdk_win_64/winavr/bin/../lib/gcc/avr/4.3.3/avr5\libgcc.a(_copy_data.o)
                              ./MCAL/DIO_V1/DIO_Prg.o (__do_copy_data)
f:/imt/embedded avr diploma/avr-ide/imt_sdk_win_64/winavr/bin/../lib/gcc/avr/4.3.3/avr5\libgcc.a(_clear_bss.o)
                              ./RTOS_Layer/RTOS_Program.o (__do_clear_bss)
f:/imt/embedded avr diploma/avr-ide/imt_sdk_win_64/winavr/bin/../lib/gcc/avr/4.3.3/avr5\libgcc.a(_fixunssfsi.o)
                              ./HAL/SEG_Handler/SSD_program.o (__fixunssfsi)
f:/imt/embedded avr diploma/avr-ide/imt_sdk_win_64/winavr/bin/../lib/gcc/avr/4.3.3/avr5\libgcc.a(_addsub_sf.o)
                              f:/imt/embedded avr diploma/avr-ide/imt_sdk_win_64/winavr/bin/../lib/gcc/avr/4.3.3/avr5\libgcc.a(_fixunssfsi.o) (__subsf3)
f:/imt/embedded avr diploma/avr-ide/imt_sdk_win_64/winavr/bin/../lib/gcc/avr/4.3.3/avr5\libgcc.a(_mul_sf.o)
                              ./HAL/SEG_Handler/SSD_program.o (__mulsf3)
f:/imt/embedded avr diploma/avr-ide/imt_sdk_win_64/winavr/bin/../lib/gcc/avr/4.3.3/avr5\libgcc.a(_gt_sf.o)
                              ./HAL/SEG_Handler/SSD_program.o (__gtsf2)
f:/imt/embedded avr diploma/avr-ide/imt_sdk_win_64/winavr/bin/../lib/gcc/avr/4.3.3/avr5\libgcc.a(_ge_sf.o)
                              f:/imt/embedded avr diploma/avr-ide/imt_sdk_win_64/winavr/bin/../lib/gcc/avr/4.3.3/avr5\libgcc.a(_fixunssfsi.o) (__gesf2)
f:/imt/embedded avr diploma/avr-ide/imt_sdk_win_64/winavr/bin/../lib/gcc/avr/4.3.3/avr5\libgcc.a(_lt_sf.o)
                              ./HAL/SEG_Handler/SSD_program.o (__ltsf2)
f:/imt/embedded avr diploma/avr-ide/imt_sdk_win_64/winavr/bin/../lib/gcc/avr/4.3.3/avr5\libgcc.a(_sf_to_si.o)
                              f:/imt/embedded avr diploma/avr-ide/imt_sdk_win_64/winavr/bin/../lib/gcc/avr/4.3.3/avr5\libgcc.a(_fixunssfsi.o) (__fixsfsi)
f:/imt/embedded avr diploma/avr-ide/imt_sdk_win_64/winavr/bin/../lib/gcc/avr/4.3.3/avr5\libgcc.a(_thenan_sf.o)
                              f:/imt/embedded avr diploma/avr-ide/imt_sdk_win_64/winavr/bin/../lib/gcc/avr/4.3.3/avr5\libgcc.a(_addsub_sf.o) (__thenan_sf)
f:/imt/embedded avr diploma/avr-ide/imt_sdk_win_64/winavr/bin/../lib/gcc/avr/4.3.3/avr5\libgcc.a(_prologue.o)
                              f:/imt/embedded avr diploma/avr-ide/imt_sdk_win_64/winavr/bin/../lib/gcc/avr/4.3.3/avr5\libgcc.a(_addsub_sf.o) (__prologue_saves__)
f:/imt/embedded avr diploma/avr-ide/imt_sdk_win_64/winavr/bin/../lib/gcc/avr/4.3.3/avr5\libgcc.a(_epilogue.o)
                              f:/imt/embedded avr diploma/avr-ide/imt_sdk_win_64/winavr/bin/../lib/gcc/avr/4.3.3/avr5\libgcc.a(_addsub_sf.o) (__epilogue_restores__)
f:/imt/embedded avr diploma/avr-ide/imt_sdk_win_64/winavr/bin/../lib/gcc/avr/4.3.3/avr5\libgcc.a(_pack_sf.o)
                              f:/imt/embedded avr diploma/avr-ide/imt_sdk_win_64/winavr/bin/../lib/gcc/avr/4.3.3/avr5\libgcc.a(_addsub_sf.o) (__pack_f)
f:/imt/embedded avr diploma/avr-ide/imt_sdk_win_64/winavr/bin/../lib/gcc/avr/4.3.3/avr5\libgcc.a(_unpack_sf.o)
                              f:/imt/embedded avr diploma/avr-ide/imt_sdk_win_64/winavr/bin/../lib/gcc/avr/4.3.3/avr5\libgcc.a(_addsub_sf.o) (__unpack_f)
f:/imt/embedded avr diploma/avr-ide/imt_sdk_win_64/winavr/bin/../lib/gcc/avr/4.3.3/avr5\libgcc.a(_fpcmp_parts_sf.o)
                              f:/imt/embedded avr diploma/avr-ide/imt_sdk_win_64/winavr/bin/../lib/gcc/avr/4.3.3/avr5\libgcc.a(_gt_sf.o) (__fpcmp_parts_f)

Allocating common symbols
Common symbol       size              file

EN_Reg              0x1               ./MCAL/EXTINT_V1/EXTINT_Prg.o
Temp_Reg            0x1               ./MCAL/EXTINT_V1/EXTINT_Prg.o
TIMER_ISR           0x10              ./MCAL/Timer_V2/Timer_prg.o
EXTINT_ISR          0x6               ./MCAL/EXTINT_V1/EXTINT_Prg.o

Memory Configuration

Name             Origin             Length             Attributes
text             0x00000000         0x00020000         xr
data             0x00800060         0x0000ffa0         rw !x
eeprom           0x00810000         0x00010000         rw !x
fuse             0x00820000         0x00000400         rw !x
lock             0x00830000         0x00000400         rw !x
signature        0x00840000         0x00000400         rw !x
*default*        0x00000000         0xffffffff

Linker script and memory map

LOAD f:/imt/embedded avr diploma/avr-ide/imt_sdk_win_64/winavr/bin/../lib/gcc/avr/4.3.3/../../../../avr/lib/avr5/crtm32.o
LOAD ./RTOS_Layer/RTOS_Program.o
LOAD ./MCAL/Timer_V2/Timer_prg.o
LOAD ./MCAL/EXTINT_V1/EXTINT_Prg.o
LOAD ./MCAL/DIO_V1/DIO_Prg.o
LOAD ./HAL/SEG_Handler/SSD_program.o
LOAD ./HAL/LEDS_Handler/LED_program.o
LOAD ./HAL/LCD_Handler/LCD_Prg.o
LOAD ./APP/main.o
LOAD f:/imt/embedded avr diploma/avr-ide/imt_sdk_win_64/winavr/bin/../lib/gcc/avr/4.3.3/avr5\libgcc.a
LOAD f:/imt/embedded avr diploma/avr-ide/imt_sdk_win_64/winavr/bin/../lib/gcc/avr/4.3.3/../../../../avr/lib/avr5\libc.a
LOAD f:/imt/embedded avr diploma/avr-ide/imt_sdk_win_64/winavr/bin/../lib/gcc/avr/4.3.3/avr5\libgcc.a

.hash
 *(.hash)

.dynsym
 *(.dynsym)

.dynstr
 *(.dynstr)

.gnu.version
 *(.gnu.version)

.gnu.version_d
 *(.gnu.version_d)

.gnu.version_r
 *(.gnu.version_r)

.rel.init
 *(.rel.init)

.rela.init
 *(.rela.init)

.rel.text
 *(.rel.text)
 *(.rel.text.*)
 *(.rel.gnu.linkonce.t*)

.rela.text
 *(.rela.text)
 *(.rela.text.*)
 *(.rela.gnu.linkonce.t*)

.rel.fini
 *(.rel.fini)

.rela.fini
 *(.rela.fini)

.rel.rodata
 *(.rel.rodata)
 *(.rel.rodata.*)
 *(.rel.gnu.linkonce.r*)

.rela.rodata
 *(.rela.rodata)
 *(.rela.rodata.*)
 *(.rela.gnu.linkonce.r*)

.rel.data
 *(.rel.data)
 *(.rel.data.*)
 *(.rel.gnu.linkonce.d*)

.rela.data
 *(.rela.data)
 *(.rela.data.*)
 *(.rela.gnu.linkonce.d*)

.rel.ctors
 *(.rel.ctors)

.rela.ctors
 *(.rela.ctors)

.rel.dtors
 *(.rel.dtors)

.rela.dtors
 *(.rela.dtors)

.rel.got
 *(.rel.got)

.rela.got
 *(.rela.got)

.rel.bss
 *(.rel.bss)

.rela.bss
 *(.rela.bss)

.rel.plt
 *(.rel.plt)

.rela.plt
 *(.rela.plt)

.text           0x00000000     0x4238
 *(.vectors)
 .vectors       0x00000000       0x54 f:/imt/embedded avr diploma/avr-ide/imt_sdk_win_64/winavr/bin/../lib/gcc/avr/4.3.3/../../../../avr/lib/avr5/crtm32.o
                0x00000000                __vectors
                0x00000000                __vector_default
 *(.vectors)
 *(.progmem.gcc*)
 *(.progmem*)
                0x00000054                . = ALIGN (0x2)
                0x00000054                __trampolines_start = .
 *(.trampolines)
 .trampolines   0x00000054        0x0 linker stubs
 *(.trampolines*)
                0x00000054                __trampolines_end = .
 *(.jumptables)
 *(.jumptables*)
 *(.lowtext)
 *(.lowtext*)
                0x00000054                __ctors_start = .
 *(.ctors)
                0x00000054                __ctors_end = .
                0x00000054                __dtors_start = .
 *(.dtors)
                0x00000054                __dtors_end = .
 SORT(*)(.ctors)
 SORT(*)(.dtors)
 *(.init0)
 .init0         0x00000054        0x0 f:/imt/embedded avr diploma/avr-ide/imt_sdk_win_64/winavr/bin/../lib/gcc/avr/4.3.3/../../../../avr/lib/avr5/crtm32.o
                0x00000054                __init
 *(.init0)
 *(.init1)
 *(.init1)
 *(.init2)
 .init2         0x00000054        0xc f:/imt/embedded avr diploma/avr-ide/imt_sdk_win_64/winavr/bin/../lib/gcc/avr/4.3.3/../../../../avr/lib/avr5/crtm32.o
 *(.init2)
 *(.init3)
 *(.init3)
 *(.init4)
 .init4         0x00000060       0x16 f:/imt/embedded avr diploma/avr-ide/imt_sdk_win_64/winavr/bin/../lib/gcc/avr/4.3.3/avr5\libgcc.a(_copy_data.o)
                0x00000060                __do_copy_data
 .init4         0x00000076       0x10 f:/imt/embedded avr diploma/avr-ide/imt_sdk_win_64/winavr/bin/../lib/gcc/avr/4.3.3/avr5\libgcc.a(_clear_bss.o)
                0x00000076                __do_clear_bss
 *(.init4)
 *(.init5)
 *(.init5)
 *(.init6)
 *(.init6)
 *(.init7)
 *(.init7)
 *(.init8)
 *(.init8)
 *(.init9)
 .init9         0x00000086        0x8 f:/imt/embedded avr diploma/avr-ide/imt_sdk_win_64/winavr/bin/../lib/gcc/avr/4.3.3/../../../../avr/lib/avr5/crtm32.o
 *(.init9)
 *(.text)
 .text          0x0000008e        0x4 f:/imt/embedded avr diploma/avr-ide/imt_sdk_win_64/winavr/bin/../lib/gcc/avr/4.3.3/../../../../avr/lib/avr5/crtm32.o
                0x0000008e                __vector_12
                0x0000008e                __bad_interrupt
                0x0000008e                __vector_13
                0x0000008e                __vector_17
                0x0000008e                __vector_19
                0x0000008e                __vector_15
                0x0000008e                __vector_14
                0x0000008e                __vector_16
                0x0000008e                __vector_18
                0x0000008e                __vector_20
 .text          0x00000092        0x0 ./RTOS_Layer/RTOS_Program.o
 .text          0x00000092        0x0 ./MCAL/Timer_V2/Timer_prg.o
 .text          0x00000092        0x0 ./MCAL/EXTINT_V1/EXTINT_Prg.o
 .text          0x00000092        0x0 ./MCAL/DIO_V1/DIO_Prg.o
 .text          0x00000092        0x0 ./HAL/SEG_Handler/SSD_program.o
 .text          0x00000092        0x0 ./HAL/LEDS_Handler/LED_program.o
 .text          0x00000092        0x0 ./HAL/LCD_Handler/LCD_Prg.o
 .text          0x00000092        0x0 ./APP/main.o
 .text          0x00000092        0x0 f:/imt/embedded avr diploma/avr-ide/imt_sdk_win_64/winavr/bin/../lib/gcc/avr/4.3.3/avr5\libgcc.a(_udivmodqi4.o)
 .text          0x00000092        0x0 f:/imt/embedded avr diploma/avr-ide/imt_sdk_win_64/winavr/bin/../lib/gcc/avr/4.3.3/avr5\libgcc.a(_udivmodhi4.o)
 .text          0x00000092        0x0 f:/imt/embedded avr diploma/avr-ide/imt_sdk_win_64/winavr/bin/../lib/gcc/avr/4.3.3/avr5\libgcc.a(_udivmodsi4.o)
 .text          0x00000092        0x0 f:/imt/embedded avr diploma/avr-ide/imt_sdk_win_64/winavr/bin/../lib/gcc/avr/4.3.3/avr5\libgcc.a(_exit.o)
 .text          0x00000092        0x0 f:/imt/embedded avr diploma/avr-ide/imt_sdk_win_64/winavr/bin/../lib/gcc/avr/4.3.3/avr5\libgcc.a(_copy_data.o)
 .text          0x00000092        0x0 f:/imt/embedded avr diploma/avr-ide/imt_sdk_win_64/winavr/bin/../lib/gcc/avr/4.3.3/avr5\libgcc.a(_clear_bss.o)
 .text          0x00000092       0x58 f:/imt/embedded avr diploma/avr-ide/imt_sdk_win_64/winavr/bin/../lib/gcc/avr/4.3.3/avr5\libgcc.a(_fixunssfsi.o)
                0x00000092                __fixunssfsi
 .text          0x000000ea      0x354 f:/imt/embedded avr diploma/avr-ide/imt_sdk_win_64/winavr/bin/../lib/gcc/avr/4.3.3/avr5\libgcc.a(_addsub_sf.o)
                0x00000382                __subsf3
                0x000003e4                __addsf3
 .text          0x0000043e      0x1f4 f:/imt/embedded avr diploma/avr-ide/imt_sdk_win_64/winavr/bin/../lib/gcc/avr/4.3.3/avr5\libgcc.a(_mul_sf.o)
                0x0000043e                __mulsf3
 .text          0x00000632       0x60 f:/imt/embedded avr diploma/avr-ide/imt_sdk_win_64/winavr/bin/../lib/gcc/avr/4.3.3/avr5\libgcc.a(_gt_sf.o)
                0x00000632                __gtsf2
 .text          0x00000692       0x60 f:/imt/embedded avr diploma/avr-ide/imt_sdk_win_64/winavr/bin/../lib/gcc/avr/4.3.3/avr5\libgcc.a(_ge_sf.o)
                0x00000692                __gesf2
 .text          0x000006f2       0x60 f:/imt/embedded avr diploma/avr-ide/imt_sdk_win_64/winavr/bin/../lib/gcc/avr/4.3.3/avr5\libgcc.a(_lt_sf.o)
                0x000006f2                __ltsf2
 .text          0x00000752       0xa8 f:/imt/embedded avr diploma/avr-ide/imt_sdk_win_64/winavr/bin/../lib/gcc/avr/4.3.3/avr5\libgcc.a(_sf_to_si.o)
                0x00000752                __fixsfsi
 .text          0x000007fa        0x0 f:/imt/embedded avr diploma/avr-ide/imt_sdk_win_64/winavr/bin/../lib/gcc/avr/4.3.3/avr5\libgcc.a(_thenan_sf.o)
 .text          0x000007fa        0x0 f:/imt/embedded avr diploma/avr-ide/imt_sdk_win_64/winavr/bin/../lib/gcc/avr/4.3.3/avr5\libgcc.a(_prologue.o)
 .text          0x000007fa        0x0 f:/imt/embedded avr diploma/avr-ide/imt_sdk_win_64/winavr/bin/../lib/gcc/avr/4.3.3/avr5\libgcc.a(_epilogue.o)
 .text          0x000007fa      0x1aa f:/imt/embedded avr diploma/avr-ide/imt_sdk_win_64/winavr/bin/../lib/gcc/avr/4.3.3/avr5\libgcc.a(_pack_sf.o)
                0x000007fa                __pack_f
 .text          0x000009a4       0xf0 f:/imt/embedded avr diploma/avr-ide/imt_sdk_win_64/winavr/bin/../lib/gcc/avr/4.3.3/avr5\libgcc.a(_unpack_sf.o)
                0x000009a4                __unpack_f
 .text          0x00000a94       0xb2 f:/imt/embedded avr diploma/avr-ide/imt_sdk_win_64/winavr/bin/../lib/gcc/avr/4.3.3/avr5\libgcc.a(_fpcmp_parts_sf.o)
                0x00000a94                __fpcmp_parts_f
                0x00000b46                . = ALIGN (0x2)
 *(.text.*)
 .text.RTOS_voidStart
                0x00000b46       0x4c ./RTOS_Layer/RTOS_Program.o
                0x00000b46                RTOS_voidStart
 .text.RTOS_u8CreateTask
                0x00000b92       0xe6 ./RTOS_Layer/RTOS_Program.o
                0x00000b92                RTOS_u8CreateTask
 .text.RTOS_voidSuspendTask
                0x00000c78       0x32 ./RTOS_Layer/RTOS_Program.o
                0x00000c78                RTOS_voidSuspendTask
 .text.RTOS_voidResumeTask
                0x00000caa       0x30 ./RTOS_Layer/RTOS_Program.o
                0x00000caa                RTOS_voidResumeTask
 .text.RTOS_voidDeleteTask
                0x00000cda       0x30 ./RTOS_Layer/RTOS_Program.o
                0x00000cda                RTOS_voidDeleteTask
 .text.RTOS_voidScheduler
                0x00000d0a      0x12a ./RTOS_Layer/RTOS_Program.o
 .text.Set_CallBack_TIMER_0_OVF_INT
                0x00000e34       0x2c ./MCAL/Timer_V2/Timer_prg.o
                0x00000e34                Set_CallBack_TIMER_0_OVF_INT
 .text.__vector_11
                0x00000e60       0x66 ./MCAL/Timer_V2/Timer_prg.o
                0x00000e60                __vector_11
 .text.Set_CallBack_TIMER_0_OC_INT
                0x00000ec6       0x2c ./MCAL/Timer_V2/Timer_prg.o
                0x00000ec6                Set_CallBack_TIMER_0_OC_INT
 .text.__vector_10
                0x00000ef2       0x66 ./MCAL/Timer_V2/Timer_prg.o
                0x00000ef2                __vector_10
 .text.Set_CallBack_TIMER_1_OVF_INT
                0x00000f58       0x2c ./MCAL/Timer_V2/Timer_prg.o
                0x00000f58                Set_CallBack_TIMER_1_OVF_INT
 .text.__vector_9
                0x00000f84       0x66 ./MCAL/Timer_V2/Timer_prg.o
                0x00000f84                __vector_9
 .text.Set_CallBack_TIMER_1_OCA_INT
                0x00000fea       0x2c ./MCAL/Timer_V2/Timer_prg.o
                0x00000fea                Set_CallBack_TIMER_1_OCA_INT
 .text.__vector_7
                0x00001016       0x66 ./MCAL/Timer_V2/Timer_prg.o
                0x00001016                __vector_7
 .text.Set_CallBack_TIMER_1_OCB_INT
                0x0000107c       0x2c ./MCAL/Timer_V2/Timer_prg.o
                0x0000107c                Set_CallBack_TIMER_1_OCB_INT
 .text.__vector_8
                0x000010a8       0x66 ./MCAL/Timer_V2/Timer_prg.o
                0x000010a8                __vector_8
 .text.Set_CallBack_TIMER_1_CAPT_INT
                0x0000110e       0x2c ./MCAL/Timer_V2/Timer_prg.o
                0x0000110e                Set_CallBack_TIMER_1_CAPT_INT
 .text.__vector_6
                0x0000113a       0x66 ./MCAL/Timer_V2/Timer_prg.o
                0x0000113a                __vector_6
 .text.Set_CallBack_TIMER_2_OVF_INT
                0x000011a0       0x2c ./MCAL/Timer_V2/Timer_prg.o
                0x000011a0                Set_CallBack_TIMER_2_OVF_INT
 .text.__vector_5
                0x000011cc       0x66 ./MCAL/Timer_V2/Timer_prg.o
                0x000011cc                __vector_5
 .text.Set_CallBack_TIMER_2_OC_INT
                0x00001232       0x2c ./MCAL/Timer_V2/Timer_prg.o
                0x00001232                Set_CallBack_TIMER_2_OC_INT
 .text.__vector_4
                0x0000125e       0x66 ./MCAL/Timer_V2/Timer_prg.o
                0x0000125e                __vector_4
 .text.Timer_init
                0x000012c4      0x234 ./MCAL/Timer_V2/Timer_prg.o
                0x000012c4                Timer_init
 .text.change_compared_and_duty_value
                0x000014f8       0x98 ./MCAL/Timer_V2/Timer_prg.o
                0x000014f8                change_compared_and_duty_value
 .text.Timer_DeInit
                0x00001590       0xee ./MCAL/Timer_V2/Timer_prg.o
                0x00001590                Timer_DeInit
 .text.clear_timer
                0x0000167e       0x86 ./MCAL/Timer_V2/Timer_prg.o
                0x0000167e                clear_timer
 .text.PWM_timers_init
                0x00001704      0x2e4 ./MCAL/Timer_V2/Timer_prg.o
                0x00001704                PWM_timers_init
 .text.Global_VidINTEnable
                0x000019e8       0x1c ./MCAL/Timer_V2/Timer_prg.o
                0x000019e8                Global_VidINTEnable
 .text.Global_VidINTDisable
                0x00001a04       0x1c ./MCAL/Timer_V2/Timer_prg.o
                0x00001a04                Global_VidINTDisable
 .text.Set_CallBack_EXTINT_0
                0x00001a20       0x2c ./MCAL/EXTINT_V1/EXTINT_Prg.o
                0x00001a20                Set_CallBack_EXTINT_0
 .text.__vector_1
                0x00001a4c       0x66 ./MCAL/EXTINT_V1/EXTINT_Prg.o
                0x00001a4c                __vector_1
 .text.Set_CallBack_EXTINT_1
                0x00001ab2       0x2c ./MCAL/EXTINT_V1/EXTINT_Prg.o
                0x00001ab2                Set_CallBack_EXTINT_1
 .text.__vector_2
                0x00001ade       0x66 ./MCAL/EXTINT_V1/EXTINT_Prg.o
                0x00001ade                __vector_2
 .text.Set_CallBack_EXTINT_2
                0x00001b44       0x2c ./MCAL/EXTINT_V1/EXTINT_Prg.o
                0x00001b44                Set_CallBack_EXTINT_2
 .text.__vector_3
                0x00001b70       0x66 ./MCAL/EXTINT_V1/EXTINT_Prg.o
                0x00001b70                __vector_3
 .text.EXTINT_u8Enable
                0x00001bd6       0x88 ./MCAL/EXTINT_V1/EXTINT_Prg.o
                0x00001bd6                EXTINT_u8Enable
 .text.EXTINT_u8Disable
                0x00001c5e       0xa2 ./MCAL/EXTINT_V1/EXTINT_Prg.o
                0x00001c5e                EXTINT_u8Disable
 .text.EXTINT_u8SenseCtrl
                0x00001d00       0xd6 ./MCAL/EXTINT_V1/EXTINT_Prg.o
                0x00001d00                EXTINT_u8SenseCtrl
 .text.DIO_u8setPortDirection
                0x00001dd6       0x46 ./MCAL/DIO_V1/DIO_Prg.o
                0x00001dd6                DIO_u8setPortDirection
 .text.DIO_u8setPortValue
                0x00001e1c       0x46 ./MCAL/DIO_V1/DIO_Prg.o
                0x00001e1c                DIO_u8setPortValue
 .text.DIO_u8getPortValue
                0x00001e62       0x56 ./MCAL/DIO_V1/DIO_Prg.o
                0x00001e62                DIO_u8getPortValue
 .text.DIO_u8setPinDirection
                0x00001eb8      0x100 ./MCAL/DIO_V1/DIO_Prg.o
                0x00001eb8                DIO_u8setPinDirection
 .text.DIO_u8setPinValue
                0x00001fb8      0x100 ./MCAL/DIO_V1/DIO_Prg.o
                0x00001fb8                DIO_u8setPinValue
 .text.DIO_u8getPinValue
                0x000020b8       0x82 ./MCAL/DIO_V1/DIO_Prg.o
                0x000020b8                DIO_u8getPinValue
 .text.DIO_u8togglePinValue
                0x0000213a       0x7e ./MCAL/DIO_V1/DIO_Prg.o
                0x0000213a                DIO_u8togglePinValue
 .text.DIO_u8setInputPullUpResistor
                0x000021b8       0x7e ./MCAL/DIO_V1/DIO_Prg.o
                0x000021b8                DIO_u8setInputPullUpResistor
 .text.SSD_voidInit
                0x00002236       0x2a ./HAL/SEG_Handler/SSD_program.o
                0x00002236                SSD_voidInit
 .text.SSD_voidDisplayNumber
                0x00002260       0x84 ./HAL/SEG_Handler/SSD_program.o
                0x00002260                SSD_voidDisplayNumber
 .text.SSD_voidDisplayMultiplexedNumber
                0x000022e4      0x27a ./HAL/SEG_Handler/SSD_program.o
                0x000022e4                SSD_voidDisplayMultiplexedNumber
 .text.LED_voidInit
                0x0000255e       0x22 ./HAL/LEDS_Handler/LED_program.o
                0x0000255e                LED_voidInit
 .text.LED_voidOn
                0x00002580       0x5a ./HAL/LEDS_Handler/LED_program.o
                0x00002580                LED_voidOn
 .text.LED_voidOff
                0x000025da       0x5a ./HAL/LEDS_Handler/LED_program.o
                0x000025da                LED_voidOff
 .text.LED_voidToggle
                0x00002634       0x20 ./HAL/LEDS_Handler/LED_program.o
                0x00002634                LED_voidToggle
 .text.LCD_4_BitvidInit
                0x00002654      0x412 ./HAL/LCD_Handler/LCD_Prg.o
                0x00002654                LCD_4_BitvidInit
 .text.LCD_4_BitvidsendCommand
                0x00002a66      0x432 ./HAL/LCD_Handler/LCD_Prg.o
                0x00002a66                LCD_4_BitvidsendCommand
 .text.LCD_4_BitvidwriteCharacter
                0x00002e98      0x432 ./HAL/LCD_Handler/LCD_Prg.o
                0x00002e98                LCD_4_BitvidwriteCharacter
 .text.LCD_8_BitvidInit
                0x000032ca      0x3f4 ./HAL/LCD_Handler/LCD_Prg.o
                0x000032ca                LCD_8_BitvidInit
 .text.LCD_8_BitvidsendCommand
                0x000036be      0x220 ./HAL/LCD_Handler/LCD_Prg.o
                0x000036be                LCD_8_BitvidsendCommand
 .text.LCD_8_BitvidwriteCharacter
                0x000038de      0x220 ./HAL/LCD_Handler/LCD_Prg.o
                0x000038de                LCD_8_BitvidwriteCharacter
 .text.LCD_8_BitvidreadCharacter
                0x00003afe      0x220 ./HAL/LCD_Handler/LCD_Prg.o
                0x00003afe                LCD_8_BitvidreadCharacter
 .text.LCD_8_BitvidwriteString
                0x00003d1e       0x5a ./HAL/LCD_Handler/LCD_Prg.o
                0x00003d1e                LCD_8_BitvidwriteString
 .text.LCD_8_BitvidGoToXY
                0x00003d78       0x3c ./HAL/LCD_Handler/LCD_Prg.o
                0x00003d78                LCD_8_BitvidGoToXY
 .text.LCD_8_BitvidwriteSpecialCharacter
                0x00003db4       0x82 ./HAL/LCD_Handler/LCD_Prg.o
                0x00003db4                LCD_8_BitvidwriteSpecialCharacter
 .text.LCD_8_BitvidwriteInt
                0x00003e36       0xfa ./HAL/LCD_Handler/LCD_Prg.o
                0x00003e36                LCD_8_BitvidwriteInt
 .text.create_task
                0x00003f30       0xb2 ./APP/main.o
                0x00003f30                create_task
 .text.main     0x00003fe2       0x2e ./APP/main.o
                0x00003fe2                main
 .text.LED_1    0x00004010       0x2c ./APP/main.o
                0x00004010                LED_1
 .text.LED_2    0x0000403c       0x2c ./APP/main.o
                0x0000403c                LED_2
 .text.LED_3    0x00004068       0x2c ./APP/main.o
                0x00004068                LED_3
 .text.SSD_voidCount
                0x00004094       0xae ./APP/main.o
                0x00004094                SSD_voidCount
 .text.libgcc   0x00004142       0x18 f:/imt/embedded avr diploma/avr-ide/imt_sdk_win_64/winavr/bin/../lib/gcc/avr/4.3.3/avr5\libgcc.a(_udivmodqi4.o)
                0x00004142                __udivmodqi4
 .text.libgcc   0x0000415a       0x28 f:/imt/embedded avr diploma/avr-ide/imt_sdk_win_64/winavr/bin/../lib/gcc/avr/4.3.3/avr5\libgcc.a(_udivmodhi4.o)
                0x0000415a                __udivmodhi4
 .text.libgcc   0x00004182       0x44 f:/imt/embedded avr diploma/avr-ide/imt_sdk_win_64/winavr/bin/../lib/gcc/avr/4.3.3/avr5\libgcc.a(_udivmodsi4.o)
                0x00004182                __udivmodsi4
 .text.libgcc   0x000041c6        0x0 f:/imt/embedded avr diploma/avr-ide/imt_sdk_win_64/winavr/bin/../lib/gcc/avr/4.3.3/avr5\libgcc.a(_exit.o)
 .text.libgcc   0x000041c6        0x0 f:/imt/embedded avr diploma/avr-ide/imt_sdk_win_64/winavr/bin/../lib/gcc/avr/4.3.3/avr5\libgcc.a(_copy_data.o)
 .text.libgcc   0x000041c6        0x0 f:/imt/embedded avr diploma/avr-ide/imt_sdk_win_64/winavr/bin/../lib/gcc/avr/4.3.3/avr5\libgcc.a(_clear_bss.o)
 .text.libgcc   0x000041c6       0x38 f:/imt/embedded avr diploma/avr-ide/imt_sdk_win_64/winavr/bin/../lib/gcc/avr/4.3.3/avr5\libgcc.a(_prologue.o)
                0x000041c6                __prologue_saves__
 .text.libgcc   0x000041fe       0x36 f:/imt/embedded avr diploma/avr-ide/imt_sdk_win_64/winavr/bin/../lib/gcc/avr/4.3.3/avr5\libgcc.a(_epilogue.o)
                0x000041fe                __epilogue_restores__
                0x00004234                . = ALIGN (0x2)
 *(.fini9)
 .fini9         0x00004234        0x0 f:/imt/embedded avr diploma/avr-ide/imt_sdk_win_64/winavr/bin/../lib/gcc/avr/4.3.3/avr5\libgcc.a(_exit.o)
                0x00004234                exit
                0x00004234                _exit
 *(.fini9)
 *(.fini8)
 *(.fini8)
 *(.fini7)
 *(.fini7)
 *(.fini6)
 *(.fini6)
 *(.fini5)
 *(.fini5)
 *(.fini4)
 *(.fini4)
 *(.fini3)
 *(.fini3)
 *(.fini2)
 *(.fini2)
 *(.fini1)
 *(.fini1)
 *(.fini0)
 .fini0         0x00004234        0x4 f:/imt/embedded avr diploma/avr-ide/imt_sdk_win_64/winavr/bin/../lib/gcc/avr/4.3.3/avr5\libgcc.a(_exit.o)
 *(.fini0)
                0x00004238                _etext = .

.data           0x00800060       0x1a load address 0x00004238
                0x00800060                PROVIDE (__data_start, .)
 *(.data)
 .data          0x00800060        0x0 f:/imt/embedded avr diploma/avr-ide/imt_sdk_win_64/winavr/bin/../lib/gcc/avr/4.3.3/../../../../avr/lib/avr5/crtm32.o
 .data          0x00800060        0x0 ./RTOS_Layer/RTOS_Program.o
 .data          0x00800060        0x0 ./MCAL/Timer_V2/Timer_prg.o
 .data          0x00800060        0x0 ./MCAL/EXTINT_V1/EXTINT_Prg.o
 .data          0x00800060        0x0 ./MCAL/DIO_V1/DIO_Prg.o
 .data          0x00800060        0x0 ./HAL/SEG_Handler/SSD_program.o
 .data          0x00800060        0x0 ./HAL/LEDS_Handler/LED_program.o
 .data          0x00800060        0x0 ./HAL/LCD_Handler/LCD_Prg.o
 .data          0x00800060        0x0 ./APP/main.o
 .data          0x00800060        0x0 f:/imt/embedded avr diploma/avr-ide/imt_sdk_win_64/winavr/bin/../lib/gcc/avr/4.3.3/avr5\libgcc.a(_udivmodqi4.o)
 .data          0x00800060        0x0 f:/imt/embedded avr diploma/avr-ide/imt_sdk_win_64/winavr/bin/../lib/gcc/avr/4.3.3/avr5\libgcc.a(_udivmodhi4.o)
 .data          0x00800060        0x0 f:/imt/embedded avr diploma/avr-ide/imt_sdk_win_64/winavr/bin/../lib/gcc/avr/4.3.3/avr5\libgcc.a(_udivmodsi4.o)
 .data          0x00800060        0x0 f:/imt/embedded avr diploma/avr-ide/imt_sdk_win_64/winavr/bin/../lib/gcc/avr/4.3.3/avr5\libgcc.a(_exit.o)
 .data          0x00800060        0x0 f:/imt/embedded avr diploma/avr-ide/imt_sdk_win_64/winavr/bin/../lib/gcc/avr/4.3.3/avr5\libgcc.a(_copy_data.o)
 .data          0x00800060        0x0 f:/imt/embedded avr diploma/avr-ide/imt_sdk_win_64/winavr/bin/../lib/gcc/avr/4.3.3/avr5\libgcc.a(_clear_bss.o)
 .data          0x00800060        0x0 f:/imt/embedded avr diploma/avr-ide/imt_sdk_win_64/winavr/bin/../lib/gcc/avr/4.3.3/avr5\libgcc.a(_fixunssfsi.o)
 .data          0x00800060        0x0 f:/imt/embedded avr diploma/avr-ide/imt_sdk_win_64/winavr/bin/../lib/gcc/avr/4.3.3/avr5\libgcc.a(_addsub_sf.o)
 .data          0x00800060        0x0 f:/imt/embedded avr diploma/avr-ide/imt_sdk_win_64/winavr/bin/../lib/gcc/avr/4.3.3/avr5\libgcc.a(_mul_sf.o)
 .data          0x00800060        0x0 f:/imt/embedded avr diploma/avr-ide/imt_sdk_win_64/winavr/bin/../lib/gcc/avr/4.3.3/avr5\libgcc.a(_gt_sf.o)
 .data          0x00800060        0x0 f:/imt/embedded avr diploma/avr-ide/imt_sdk_win_64/winavr/bin/../lib/gcc/avr/4.3.3/avr5\libgcc.a(_ge_sf.o)
 .data          0x00800060        0x0 f:/imt/embedded avr diploma/avr-ide/imt_sdk_win_64/winavr/bin/../lib/gcc/avr/4.3.3/avr5\libgcc.a(_lt_sf.o)
 .data          0x00800060        0x0 f:/imt/embedded avr diploma/avr-ide/imt_sdk_win_64/winavr/bin/../lib/gcc/avr/4.3.3/avr5\libgcc.a(_sf_to_si.o)
 .data          0x00800060        0x8 f:/imt/embedded avr diploma/avr-ide/imt_sdk_win_64/winavr/bin/../lib/gcc/avr/4.3.3/avr5\libgcc.a(_thenan_sf.o)
                0x00800060                __thenan_sf
 .data          0x00800068        0x0 f:/imt/embedded avr diploma/avr-ide/imt_sdk_win_64/winavr/bin/../lib/gcc/avr/4.3.3/avr5\libgcc.a(_prologue.o)
 .data          0x00800068        0x0 f:/imt/embedded avr diploma/avr-ide/imt_sdk_win_64/winavr/bin/../lib/gcc/avr/4.3.3/avr5\libgcc.a(_epilogue.o)
 .data          0x00800068        0x0 f:/imt/embedded avr diploma/avr-ide/imt_sdk_win_64/winavr/bin/../lib/gcc/avr/4.3.3/avr5\libgcc.a(_pack_sf.o)
 .data          0x00800068        0x0 f:/imt/embedded avr diploma/avr-ide/imt_sdk_win_64/winavr/bin/../lib/gcc/avr/4.3.3/avr5\libgcc.a(_unpack_sf.o)
 .data          0x00800068        0x0 f:/imt/embedded avr diploma/avr-ide/imt_sdk_win_64/winavr/bin/../lib/gcc/avr/4.3.3/avr5\libgcc.a(_fpcmp_parts_sf.o)
 *(.data*)
 .data.DIO      0x00800068        0x8 ./MCAL/DIO_V1/DIO_Prg.o
 .data.PRV_u8Numbers
                0x00800070        0xa ./HAL/SEG_Handler/SSD_program.o
 *(.rodata)
 *(.rodata*)
 *(.gnu.linkonce.d*)
                0x0080007a                . = ALIGN (0x2)
                0x0080007a                _edata = .
                0x0080007a                PROVIDE (__data_end, .)

.bss            0x0080007a       0x49
                0x0080007a                PROVIDE (__bss_start, .)
 *(.bss)
 .bss           0x0080007a        0x0 f:/imt/embedded avr diploma/avr-ide/imt_sdk_win_64/winavr/bin/../lib/gcc/avr/4.3.3/../../../../avr/lib/avr5/crtm32.o
 .bss           0x0080007a        0x0 ./RTOS_Layer/RTOS_Program.o
 .bss           0x0080007a        0x0 ./MCAL/Timer_V2/Timer_prg.o
 .bss           0x0080007a        0x0 ./MCAL/EXTINT_V1/EXTINT_Prg.o
 .bss           0x0080007a        0x0 ./MCAL/DIO_V1/DIO_Prg.o
 .bss           0x0080007a        0x0 ./HAL/SEG_Handler/SSD_program.o
 .bss           0x0080007a        0x0 ./HAL/LEDS_Handler/LED_program.o
 .bss           0x0080007a        0x0 ./HAL/LCD_Handler/LCD_Prg.o
 .bss           0x0080007a        0x0 ./APP/main.o
 .bss           0x0080007a        0x0 f:/imt/embedded avr diploma/avr-ide/imt_sdk_win_64/winavr/bin/../lib/gcc/avr/4.3.3/avr5\libgcc.a(_udivmodqi4.o)
 .bss           0x0080007a        0x0 f:/imt/embedded avr diploma/avr-ide/imt_sdk_win_64/winavr/bin/../lib/gcc/avr/4.3.3/avr5\libgcc.a(_udivmodhi4.o)
 .bss           0x0080007a        0x0 f:/imt/embedded avr diploma/avr-ide/imt_sdk_win_64/winavr/bin/../lib/gcc/avr/4.3.3/avr5\libgcc.a(_udivmodsi4.o)
 .bss           0x0080007a        0x0 f:/imt/embedded avr diploma/avr-ide/imt_sdk_win_64/winavr/bin/../lib/gcc/avr/4.3.3/avr5\libgcc.a(_exit.o)
 .bss           0x0080007a        0x0 f:/imt/embedded avr diploma/avr-ide/imt_sdk_win_64/winavr/bin/../lib/gcc/avr/4.3.3/avr5\libgcc.a(_copy_data.o)
 .bss           0x0080007a        0x0 f:/imt/embedded avr diploma/avr-ide/imt_sdk_win_64/winavr/bin/../lib/gcc/avr/4.3.3/avr5\libgcc.a(_clear_bss.o)
 .bss           0x0080007a        0x0 f:/imt/embedded avr diploma/avr-ide/imt_sdk_win_64/winavr/bin/../lib/gcc/avr/4.3.3/avr5\libgcc.a(_fixunssfsi.o)
 .bss           0x0080007a        0x0 f:/imt/embedded avr diploma/avr-ide/imt_sdk_win_64/winavr/bin/../lib/gcc/avr/4.3.3/avr5\libgcc.a(_addsub_sf.o)
 .bss           0x0080007a        0x0 f:/imt/embedded avr diploma/avr-ide/imt_sdk_win_64/winavr/bin/../lib/gcc/avr/4.3.3/avr5\libgcc.a(_mul_sf.o)
 .bss           0x0080007a        0x0 f:/imt/embedded avr diploma/avr-ide/imt_sdk_win_64/winavr/bin/../lib/gcc/avr/4.3.3/avr5\libgcc.a(_gt_sf.o)
 .bss           0x0080007a        0x0 f:/imt/embedded avr diploma/avr-ide/imt_sdk_win_64/winavr/bin/../lib/gcc/avr/4.3.3/avr5\libgcc.a(_ge_sf.o)
 .bss           0x0080007a        0x0 f:/imt/embedded avr diploma/avr-ide/imt_sdk_win_64/winavr/bin/../lib/gcc/avr/4.3.3/avr5\libgcc.a(_lt_sf.o)
 .bss           0x0080007a        0x0 f:/imt/embedded avr diploma/avr-ide/imt_sdk_win_64/winavr/bin/../lib/gcc/avr/4.3.3/avr5\libgcc.a(_sf_to_si.o)
 .bss           0x0080007a        0x0 f:/imt/embedded avr diploma/avr-ide/imt_sdk_win_64/winavr/bin/../lib/gcc/avr/4.3.3/avr5\libgcc.a(_thenan_sf.o)
 .bss           0x0080007a        0x0 f:/imt/embedded avr diploma/avr-ide/imt_sdk_win_64/winavr/bin/../lib/gcc/avr/4.3.3/avr5\libgcc.a(_prologue.o)
 .bss           0x0080007a        0x0 f:/imt/embedded avr diploma/avr-ide/imt_sdk_win_64/winavr/bin/../lib/gcc/avr/4.3.3/avr5\libgcc.a(_epilogue.o)
 .bss           0x0080007a        0x0 f:/imt/embedded avr diploma/avr-ide/imt_sdk_win_64/winavr/bin/../lib/gcc/avr/4.3.3/avr5\libgcc.a(_pack_sf.o)
 .bss           0x0080007a        0x0 f:/imt/embedded avr diploma/avr-ide/imt_sdk_win_64/winavr/bin/../lib/gcc/avr/4.3.3/avr5\libgcc.a(_unpack_sf.o)
 .bss           0x0080007a        0x0 f:/imt/embedded avr diploma/avr-ide/imt_sdk_win_64/winavr/bin/../lib/gcc/avr/4.3.3/avr5\libgcc.a(_fpcmp_parts_sf.o)
 *(.bss*)
 .bss.System_Tasks
                0x0080007a       0x30 ./RTOS_Layer/RTOS_Program.o
 .bss.local_u8Counter.1390
                0x008000aa        0x1 ./APP/main.o
 *(COMMON)
 COMMON         0x008000ab       0x10 ./MCAL/Timer_V2/Timer_prg.o
                0x008000ab                TIMER_ISR
 COMMON         0x008000bb        0x8 ./MCAL/EXTINT_V1/EXTINT_Prg.o
                0x008000bb                EN_Reg
                0x008000bc                Temp_Reg
                0x008000bd                EXTINT_ISR
                0x008000c3                PROVIDE (__bss_end, .)
                0x00004238                __data_load_start = LOADADDR (.data)
                0x00004252                __data_load_end = (__data_load_start + SIZEOF (.data))

.noinit         0x008000c3        0x0
                0x008000c3                PROVIDE (__noinit_start, .)
 *(.noinit*)
                0x008000c3                PROVIDE (__noinit_end, .)
                0x008000c3                _end = .
                0x008000c3                PROVIDE (__heap_start, .)

.eeprom         0x00810000        0x0
 *(.eeprom*)
                0x00810000                __eeprom_end = .

.fuse
 *(.fuse)
 *(.lfuse)
 *(.hfuse)
 *(.efuse)

.lock
 *(.lock*)

.signature
 *(.signature*)

.stab           0x00000000     0x4b54
 *(.stab)
 .stab          0x00000000      0x6e4 ./RTOS_Layer/RTOS_Program.o
 .stab          0x000006e4      0xe4c ./MCAL/Timer_V2/Timer_prg.o
                                0xe58 (size before relaxing)
 .stab          0x00001530      0x60c ./MCAL/EXTINT_V1/EXTINT_Prg.o
                                0x618 (size before relaxing)
 .stab          0x00001b3c      0x75c ./MCAL/DIO_V1/DIO_Prg.o
                                0x768 (size before relaxing)
 .stab          0x00002298      0x6cc ./HAL/SEG_Handler/SSD_program.o
                                0x6d8 (size before relaxing)
 .stab          0x00002964      0x330 ./HAL/LEDS_Handler/LED_program.o
                                0x33c (size before relaxing)
 .stab          0x00002c94     0x1848 ./HAL/LCD_Handler/LCD_Prg.o
                               0x19e0 (size before relaxing)
 .stab          0x000044dc      0x678 ./APP/main.o
                                0x810 (size before relaxing)

.stabstr        0x00000000     0x4283
 *(.stabstr)
 .stabstr       0x00000000     0x4283 ./RTOS_Layer/RTOS_Program.o

.stab.excl
 *(.stab.excl)

.stab.exclstr
 *(.stab.exclstr)

.stab.index
 *(.stab.index)

.stab.indexstr
 *(.stab.indexstr)

.comment
 *(.comment)

.debug
 *(.debug)

.line
 *(.line)

.debug_srcinfo
 *(.debug_srcinfo)

.debug_sfnames
 *(.debug_sfnames)

.debug_aranges  0x00000000      0x140
 *(.debug_aranges)
 .debug_aranges
                0x00000000       0x20 f:/imt/embedded avr diploma/avr-ide/imt_sdk_win_64/winavr/bin/../lib/gcc/avr/4.3.3/avr5\libgcc.a(_fixunssfsi.o)
 .debug_aranges
                0x00000020       0x20 f:/imt/embedded avr diploma/avr-ide/imt_sdk_win_64/winavr/bin/../lib/gcc/avr/4.3.3/avr5\libgcc.a(_addsub_sf.o)
 .debug_aranges
                0x00000040       0x20 f:/imt/embedded avr diploma/avr-ide/imt_sdk_win_64/winavr/bin/../lib/gcc/avr/4.3.3/avr5\libgcc.a(_mul_sf.o)
 .debug_aranges
                0x00000060       0x20 f:/imt/embedded avr diploma/avr-ide/imt_sdk_win_64/winavr/bin/../lib/gcc/avr/4.3.3/avr5\libgcc.a(_gt_sf.o)
 .debug_aranges
                0x00000080       0x20 f:/imt/embedded avr diploma/avr-ide/imt_sdk_win_64/winavr/bin/../lib/gcc/avr/4.3.3/avr5\libgcc.a(_ge_sf.o)
 .debug_aranges
                0x000000a0       0x20 f:/imt/embedded avr diploma/avr-ide/imt_sdk_win_64/winavr/bin/../lib/gcc/avr/4.3.3/avr5\libgcc.a(_lt_sf.o)
 .debug_aranges
                0x000000c0       0x20 f:/imt/embedded avr diploma/avr-ide/imt_sdk_win_64/winavr/bin/../lib/gcc/avr/4.3.3/avr5\libgcc.a(_sf_to_si.o)
 .debug_aranges
                0x000000e0       0x20 f:/imt/embedded avr diploma/avr-ide/imt_sdk_win_64/winavr/bin/../lib/gcc/avr/4.3.3/avr5\libgcc.a(_pack_sf.o)
 .debug_aranges
                0x00000100       0x20 f:/imt/embedded avr diploma/avr-ide/imt_sdk_win_64/winavr/bin/../lib/gcc/avr/4.3.3/avr5\libgcc.a(_unpack_sf.o)
 .debug_aranges
                0x00000120       0x20 f:/imt/embedded avr diploma/avr-ide/imt_sdk_win_64/winavr/bin/../lib/gcc/avr/4.3.3/avr5\libgcc.a(_fpcmp_parts_sf.o)

.debug_pubnames
                0x00000000      0x170
 *(.debug_pubnames)
 .debug_pubnames
                0x00000000       0x23 f:/imt/embedded avr diploma/avr-ide/imt_sdk_win_64/winavr/bin/../lib/gcc/avr/4.3.3/avr5\libgcc.a(_fixunssfsi.o)
 .debug_pubnames
                0x00000023       0x2c f:/imt/embedded avr diploma/avr-ide/imt_sdk_win_64/winavr/bin/../lib/gcc/avr/4.3.3/avr5\libgcc.a(_addsub_sf.o)
 .debug_pubnames
                0x0000004f       0x1f f:/imt/embedded avr diploma/avr-ide/imt_sdk_win_64/winavr/bin/../lib/gcc/avr/4.3.3/avr5\libgcc.a(_mul_sf.o)
 .debug_pubnames
                0x0000006e       0x1e f:/imt/embedded avr diploma/avr-ide/imt_sdk_win_64/winavr/bin/../lib/gcc/avr/4.3.3/avr5\libgcc.a(_gt_sf.o)
 .debug_pubnames
                0x0000008c       0x1e f:/imt/embedded avr diploma/avr-ide/imt_sdk_win_64/winavr/bin/../lib/gcc/avr/4.3.3/avr5\libgcc.a(_ge_sf.o)
 .debug_pubnames
                0x000000aa       0x1e f:/imt/embedded avr diploma/avr-ide/imt_sdk_win_64/winavr/bin/../lib/gcc/avr/4.3.3/avr5\libgcc.a(_lt_sf.o)
 .debug_pubnames
                0x000000c8       0x20 f:/imt/embedded avr diploma/avr-ide/imt_sdk_win_64/winavr/bin/../lib/gcc/avr/4.3.3/avr5\libgcc.a(_sf_to_si.o)
 .debug_pubnames
                0x000000e8       0x22 f:/imt/embedded avr diploma/avr-ide/imt_sdk_win_64/winavr/bin/../lib/gcc/avr/4.3.3/avr5\libgcc.a(_thenan_sf.o)
 .debug_pubnames
                0x0000010a       0x1f f:/imt/embedded avr diploma/avr-ide/imt_sdk_win_64/winavr/bin/../lib/gcc/avr/4.3.3/avr5\libgcc.a(_pack_sf.o)
 .debug_pubnames
                0x00000129       0x21 f:/imt/embedded avr diploma/avr-ide/imt_sdk_win_64/winavr/bin/../lib/gcc/avr/4.3.3/avr5\libgcc.a(_unpack_sf.o)
 .debug_pubnames
                0x0000014a       0x26 f:/imt/embedded avr diploma/avr-ide/imt_sdk_win_64/winavr/bin/../lib/gcc/avr/4.3.3/avr5\libgcc.a(_fpcmp_parts_sf.o)

.debug_info     0x00000000     0x1c49
 *(.debug_info)
 .debug_info    0x00000000       0xb1 f:/imt/embedded avr diploma/avr-ide/imt_sdk_win_64/winavr/bin/../lib/gcc/avr/4.3.3/avr5\libgcc.a(_fixunssfsi.o)
 .debug_info    0x000000b1      0x47a f:/imt/embedded avr diploma/avr-ide/imt_sdk_win_64/winavr/bin/../lib/gcc/avr/4.3.3/avr5\libgcc.a(_addsub_sf.o)
 .debug_info    0x0000052b      0x485 f:/imt/embedded avr diploma/avr-ide/imt_sdk_win_64/winavr/bin/../lib/gcc/avr/4.3.3/avr5\libgcc.a(_mul_sf.o)
 .debug_info    0x000009b0      0x27f f:/imt/embedded avr diploma/avr-ide/imt_sdk_win_64/winavr/bin/../lib/gcc/avr/4.3.3/avr5\libgcc.a(_gt_sf.o)
 .debug_info    0x00000c2f      0x27f f:/imt/embedded avr diploma/avr-ide/imt_sdk_win_64/winavr/bin/../lib/gcc/avr/4.3.3/avr5\libgcc.a(_ge_sf.o)
 .debug_info    0x00000eae      0x27f f:/imt/embedded avr diploma/avr-ide/imt_sdk_win_64/winavr/bin/../lib/gcc/avr/4.3.3/avr5\libgcc.a(_lt_sf.o)
 .debug_info    0x0000112d      0x2b0 f:/imt/embedded avr diploma/avr-ide/imt_sdk_win_64/winavr/bin/../lib/gcc/avr/4.3.3/avr5\libgcc.a(_sf_to_si.o)
 .debug_info    0x000013dd      0x12c f:/imt/embedded avr diploma/avr-ide/imt_sdk_win_64/winavr/bin/../lib/gcc/avr/4.3.3/avr5\libgcc.a(_thenan_sf.o)
 .debug_info    0x00001509      0x2df f:/imt/embedded avr diploma/avr-ide/imt_sdk_win_64/winavr/bin/../lib/gcc/avr/4.3.3/avr5\libgcc.a(_pack_sf.o)
 .debug_info    0x000017e8      0x251 f:/imt/embedded avr diploma/avr-ide/imt_sdk_win_64/winavr/bin/../lib/gcc/avr/4.3.3/avr5\libgcc.a(_unpack_sf.o)
 .debug_info    0x00001a39      0x210 f:/imt/embedded avr diploma/avr-ide/imt_sdk_win_64/winavr/bin/../lib/gcc/avr/4.3.3/avr5\libgcc.a(_fpcmp_parts_sf.o)
 *(.gnu.linkonce.wi.*)

.debug_abbrev   0x00000000      0xeeb
 *(.debug_abbrev)
 .debug_abbrev  0x00000000       0x5d f:/imt/embedded avr diploma/avr-ide/imt_sdk_win_64/winavr/bin/../lib/gcc/avr/4.3.3/avr5\libgcc.a(_fixunssfsi.o)
 .debug_abbrev  0x0000005d      0x1ea f:/imt/embedded avr diploma/avr-ide/imt_sdk_win_64/winavr/bin/../lib/gcc/avr/4.3.3/avr5\libgcc.a(_addsub_sf.o)
 .debug_abbrev  0x00000247      0x21b f:/imt/embedded avr diploma/avr-ide/imt_sdk_win_64/winavr/bin/../lib/gcc/avr/4.3.3/avr5\libgcc.a(_mul_sf.o)
 .debug_abbrev  0x00000462      0x15a f:/imt/embedded avr diploma/avr-ide/imt_sdk_win_64/winavr/bin/../lib/gcc/avr/4.3.3/avr5\libgcc.a(_gt_sf.o)
 .debug_abbrev  0x000005bc      0x15a f:/imt/embedded avr diploma/avr-ide/imt_sdk_win_64/winavr/bin/../lib/gcc/avr/4.3.3/avr5\libgcc.a(_ge_sf.o)
 .debug_abbrev  0x00000716      0x15a f:/imt/embedded avr diploma/avr-ide/imt_sdk_win_64/winavr/bin/../lib/gcc/avr/4.3.3/avr5\libgcc.a(_lt_sf.o)
 .debug_abbrev  0x00000870      0x17f f:/imt/embedded avr diploma/avr-ide/imt_sdk_win_64/winavr/bin/../lib/gcc/avr/4.3.3/avr5\libgcc.a(_sf_to_si.o)
 .debug_abbrev  0x000009ef       0xad f:/imt/embedded avr diploma/avr-ide/imt_sdk_win_64/winavr/bin/../lib/gcc/avr/4.3.3/avr5\libgcc.a(_thenan_sf.o)
 .debug_abbrev  0x00000a9c      0x1c0 f:/imt/embedded avr diploma/avr-ide/imt_sdk_win_64/winavr/bin/../lib/gcc/avr/4.3.3/avr5\libgcc.a(_pack_sf.o)
 .debug_abbrev  0x00000c5c      0x154 f:/imt/embedded avr diploma/avr-ide/imt_sdk_win_64/winavr/bin/../lib/gcc/avr/4.3.3/avr5\libgcc.a(_unpack_sf.o)
 .debug_abbrev  0x00000db0      0x13b f:/imt/embedded avr diploma/avr-ide/imt_sdk_win_64/winavr/bin/../lib/gcc/avr/4.3.3/avr5\libgcc.a(_fpcmp_parts_sf.o)

.debug_line     0x00000000      0xdad
 *(.debug_line)
 .debug_line    0x00000000       0xa7 f:/imt/embedded avr diploma/avr-ide/imt_sdk_win_64/winavr/bin/../lib/gcc/avr/4.3.3/avr5\libgcc.a(_fixunssfsi.o)
 .debug_line    0x000000a7      0x2af f:/imt/embedded avr diploma/avr-ide/imt_sdk_win_64/winavr/bin/../lib/gcc/avr/4.3.3/avr5\libgcc.a(_addsub_sf.o)
 .debug_line    0x00000356      0x239 f:/imt/embedded avr diploma/avr-ide/imt_sdk_win_64/winavr/bin/../lib/gcc/avr/4.3.3/avr5\libgcc.a(_mul_sf.o)
 .debug_line    0x0000058f       0xd3 f:/imt/embedded avr diploma/avr-ide/imt_sdk_win_64/winavr/bin/../lib/gcc/avr/4.3.3/avr5\libgcc.a(_gt_sf.o)
 .debug_line    0x00000662       0xd3 f:/imt/embedded avr diploma/avr-ide/imt_sdk_win_64/winavr/bin/../lib/gcc/avr/4.3.3/avr5\libgcc.a(_ge_sf.o)
 .debug_line    0x00000735       0xd3 f:/imt/embedded avr diploma/avr-ide/imt_sdk_win_64/winavr/bin/../lib/gcc/avr/4.3.3/avr5\libgcc.a(_lt_sf.o)
 .debug_line    0x00000808      0x109 f:/imt/embedded avr diploma/avr-ide/imt_sdk_win_64/winavr/bin/../lib/gcc/avr/4.3.3/avr5\libgcc.a(_sf_to_si.o)
 .debug_line    0x00000911       0x90 f:/imt/embedded avr diploma/avr-ide/imt_sdk_win_64/winavr/bin/../lib/gcc/avr/4.3.3/avr5\libgcc.a(_thenan_sf.o)
 .debug_line    0x000009a1      0x18a f:/imt/embedded avr diploma/avr-ide/imt_sdk_win_64/winavr/bin/../lib/gcc/avr/4.3.3/avr5\libgcc.a(_pack_sf.o)
 .debug_line    0x00000b2b      0x14b f:/imt/embedded avr diploma/avr-ide/imt_sdk_win_64/winavr/bin/../lib/gcc/avr/4.3.3/avr5\libgcc.a(_unpack_sf.o)
 .debug_line    0x00000c76      0x137 f:/imt/embedded avr diploma/avr-ide/imt_sdk_win_64/winavr/bin/../lib/gcc/avr/4.3.3/avr5\libgcc.a(_fpcmp_parts_sf.o)

.debug_frame    0x00000000      0x160
 *(.debug_frame)
 .debug_frame   0x00000000       0x20 f:/imt/embedded avr diploma/avr-ide/imt_sdk_win_64/winavr/bin/../lib/gcc/avr/4.3.3/avr5\libgcc.a(_fixunssfsi.o)
 .debug_frame   0x00000020       0x40 f:/imt/embedded avr diploma/avr-ide/imt_sdk_win_64/winavr/bin/../lib/gcc/avr/4.3.3/avr5\libgcc.a(_addsub_sf.o)
 .debug_frame   0x00000060       0x20 f:/imt/embedded avr diploma/avr-ide/imt_sdk_win_64/winavr/bin/../lib/gcc/avr/4.3.3/avr5\libgcc.a(_mul_sf.o)
 .debug_frame   0x00000080       0x20 f:/imt/embedded avr diploma/avr-ide/imt_sdk_win_64/winavr/bin/../lib/gcc/avr/4.3.3/avr5\libgcc.a(_gt_sf.o)
 .debug_frame   0x000000a0       0x20 f:/imt/embedded avr diploma/avr-ide/imt_sdk_win_64/winavr/bin/../lib/gcc/avr/4.3.3/avr5\libgcc.a(_ge_sf.o)
 .debug_frame   0x000000c0       0x20 f:/imt/embedded avr diploma/avr-ide/imt_sdk_win_64/winavr/bin/../lib/gcc/avr/4.3.3/avr5\libgcc.a(_lt_sf.o)
 .debug_frame   0x000000e0       0x20 f:/imt/embedded avr diploma/avr-ide/imt_sdk_win_64/winavr/bin/../lib/gcc/avr/4.3.3/avr5\libgcc.a(_sf_to_si.o)
 .debug_frame   0x00000100       0x20 f:/imt/embedded avr diploma/avr-ide/imt_sdk_win_64/winavr/bin/../lib/gcc/avr/4.3.3/avr5\libgcc.a(_pack_sf.o)
 .debug_frame   0x00000120       0x20 f:/imt/embedded avr diploma/avr-ide/imt_sdk_win_64/winavr/bin/../lib/gcc/avr/4.3.3/avr5\libgcc.a(_unpack_sf.o)
 .debug_frame   0x00000140       0x20 f:/imt/embedded avr diploma/avr-ide/imt_sdk_win_64/winavr/bin/../lib/gcc/avr/4.3.3/avr5\libgcc.a(_fpcmp_parts_sf.o)

.debug_str      0x00000000      0x28d
 *(.debug_str)
 .debug_str     0x00000000       0xbf f:/imt/embedded avr diploma/avr-ide/imt_sdk_win_64/winavr/bin/../lib/gcc/avr/4.3.3/avr5\libgcc.a(_fixunssfsi.o)
                                 0xfe (size before relaxing)
 .debug_str     0x000000bf      0x14d f:/imt/embedded avr diploma/avr-ide/imt_sdk_win_64/winavr/bin/../lib/gcc/avr/4.3.3/avr5\libgcc.a(_addsub_sf.o)
                                0x206 (size before relaxing)
 .debug_str     0x0000020c       0x27 f:/imt/embedded avr diploma/avr-ide/imt_sdk_win_64/winavr/bin/../lib/gcc/avr/4.3.3/avr5\libgcc.a(_mul_sf.o)
                                0x1bf (size before relaxing)
 .debug_str     0x00000233        0xf f:/imt/embedded avr diploma/avr-ide/imt_sdk_win_64/winavr/bin/../lib/gcc/avr/4.3.3/avr5\libgcc.a(_gt_sf.o)
                                0x195 (size before relaxing)
 .debug_str     0x00000242        0x8 f:/imt/embedded avr diploma/avr-ide/imt_sdk_win_64/winavr/bin/../lib/gcc/avr/4.3.3/avr5\libgcc.a(_ge_sf.o)
                                0x195 (size before relaxing)
 .debug_str     0x0000024a        0x8 f:/imt/embedded avr diploma/avr-ide/imt_sdk_win_64/winavr/bin/../lib/gcc/avr/4.3.3/avr5\libgcc.a(_lt_sf.o)
                                0x195 (size before relaxing)
 .debug_str     0x00000252        0xa f:/imt/embedded avr diploma/avr-ide/imt_sdk_win_64/winavr/bin/../lib/gcc/avr/4.3.3/avr5\libgcc.a(_sf_to_si.o)
                                0x19e (size before relaxing)
 .debug_str     0x00000000      0x103 f:/imt/embedded avr diploma/avr-ide/imt_sdk_win_64/winavr/bin/../lib/gcc/avr/4.3.3/avr5\libgcc.a(_thenan_sf.o)
 .debug_str     0x0000025c       0x16 f:/imt/embedded avr diploma/avr-ide/imt_sdk_win_64/winavr/bin/../lib/gcc/avr/4.3.3/avr5\libgcc.a(_pack_sf.o)
                                0x19d (size before relaxing)
 .debug_str     0x00000272        0xb f:/imt/embedded avr diploma/avr-ide/imt_sdk_win_64/winavr/bin/../lib/gcc/avr/4.3.3/avr5\libgcc.a(_unpack_sf.o)
                                0x17f (size before relaxing)
 .debug_str     0x0000027d       0x10 f:/imt/embedded avr diploma/avr-ide/imt_sdk_win_64/winavr/bin/../lib/gcc/avr/4.3.3/avr5\libgcc.a(_fpcmp_parts_sf.o)
                                0x163 (size before relaxing)

.debug_loc      0x00000000      0x7ce
 *(.debug_loc)
 .debug_loc     0x00000000       0x34 f:/imt/embedded avr diploma/avr-ide/imt_sdk_win_64/winavr/bin/../lib/gcc/avr/4.3.3/avr5\libgcc.a(_fixunssfsi.o)
 .debug_loc     0x00000034      0x32a f:/imt/embedded avr diploma/avr-ide/imt_sdk_win_64/winavr/bin/../lib/gcc/avr/4.3.3/avr5\libgcc.a(_addsub_sf.o)
 .debug_loc     0x0000035e      0x104 f:/imt/embedded avr diploma/avr-ide/imt_sdk_win_64/winavr/bin/../lib/gcc/avr/4.3.3/avr5\libgcc.a(_mul_sf.o)
 .debug_loc     0x00000462       0x3c f:/imt/embedded avr diploma/avr-ide/imt_sdk_win_64/winavr/bin/../lib/gcc/avr/4.3.3/avr5\libgcc.a(_gt_sf.o)
 .debug_loc     0x0000049e       0x3c f:/imt/embedded avr diploma/avr-ide/imt_sdk_win_64/winavr/bin/../lib/gcc/avr/4.3.3/avr5\libgcc.a(_ge_sf.o)
 .debug_loc     0x000004da       0x3c f:/imt/embedded avr diploma/avr-ide/imt_sdk_win_64/winavr/bin/../lib/gcc/avr/4.3.3/avr5\libgcc.a(_lt_sf.o)
 .debug_loc     0x00000516       0x7e f:/imt/embedded avr diploma/avr-ide/imt_sdk_win_64/winavr/bin/../lib/gcc/avr/4.3.3/avr5\libgcc.a(_sf_to_si.o)
 .debug_loc     0x00000594      0x13e f:/imt/embedded avr diploma/avr-ide/imt_sdk_win_64/winavr/bin/../lib/gcc/avr/4.3.3/avr5\libgcc.a(_pack_sf.o)
 .debug_loc     0x000006d2       0xac f:/imt/embedded avr diploma/avr-ide/imt_sdk_win_64/winavr/bin/../lib/gcc/avr/4.3.3/avr5\libgcc.a(_unpack_sf.o)
 .debug_loc     0x0000077e       0x50 f:/imt/embedded avr diploma/avr-ide/imt_sdk_win_64/winavr/bin/../lib/gcc/avr/4.3.3/avr5\libgcc.a(_fpcmp_parts_sf.o)

.debug_macinfo
 *(.debug_macinfo)
OUTPUT(RTOS_LEDS.elf elf32-avr)
LOAD linker stubs

.debug_ranges   0x00000000       0x50
 .debug_ranges  0x00000000       0x50 f:/imt/embedded avr diploma/avr-ide/imt_sdk_win_64/winavr/bin/../lib/gcc/avr/4.3.3/avr5\libgcc.a(_mul_sf.o)
